INVALID TRANSACTION LOGS:

** Event #3553  t=49.75768026365  SupplyChainNetwork.peer[8] (Node, id=15)  on NewTx (GossipMsg, id=11980)
** Event #3554  t=49.75768026365  SupplyChainNetwork.peer[9] (Node, id=16)  on NewTx (GossipMsg, id=11983)
** Event #3555  t=49.911794344475  SupplyChainNetwork.peer[6] (Node, id=13)  on selfmsg TxTimer (omnetpp::cMessage, id=134)
INFO: GOSSIP FORMAT: 49.911794:peer-6:4 | New Transaction Generated [ID: c501e218...]
** Event #3556  t=50  SupplyChainNetwork.peer[2] (Node, id=9)  on selfmsg InvalidTxTimer (omnetpp::cMessage, id=89)
INFO: MALICIOUS ACTION: Generated Invalid Transaction [ID: 3d1fe103...]
** Event #3557  t=50.011794344475  SupplyChainNetwork.seed[0] (Node, id=2)  on NewTx (GossipMsg, id=12006)
** Event #3558  t=50.011794344475  SupplyChainNetwork.seed[1] (Node, id=3)  on NewTx (GossipMsg, id=12009)
** Event #3559  t=50.011794344475  SupplyChainNetwork.seed[2] (Node, id=4)  on NewTx (GossipMsg, id=12012)
** Event #3560  t=50.011794344475  SupplyChainNetwork.peer[4] (Node, id=11)  on NewTx (GossipMsg, id=12015)
INFO: Valid transaction [ID: c501e218...] received and added to mempool: Transfer: Energy Credits from peer-6
** Event #3561  t=50.011794344475  SupplyChainNetwork.peer[0] (Node, id=7)  on NewTx (GossipMsg, id=12018)
INFO: Valid transaction [ID: c501e218...] received and added to mempool: Transfer: Energy Credits from peer-6
** Event #3562  t=50.011794344475  SupplyChainNetwork.peer[5] (Node, id=12)  on NewTx (GossipMsg, id=12021)
INFO: Valid transaction [ID: c501e218...] received and added to mempool: Transfer: Energy Credits from peer-6
** Event #3563  t=50.011794344475  SupplyChainNetwork.peer[2] (Node, id=9)  on NewTx (GossipMsg, id=12024)
INFO: Valid transaction [ID: c501e218...] received and added to mempool: Transfer: Energy Credits from peer-6
** Event #3564  t=50.011794344475  SupplyChainNetwork.peer[7] (Node, id=14)  on NewTx (GossipMsg, id=12027)
INFO: Valid transaction [ID: c501e218...] received and added to mempool: Transfer: Energy Credits from peer-6
** Event #3565  t=50.011794344475  SupplyChainNetwork.peer[8] (Node, id=15)  on NewTx (GossipMsg, id=12030)
INFO: Valid transaction [ID: c501e218...] received and added to mempool: Transfer: Energy Credits from peer-6
** Event #3566  t=50.011794344475  SupplyChainNetwork.peer[2] (Node, id=9)  on NewTx (GossipMsg, id=12033)
** Event #3567  t=50.1  SupplyChainNetwork.seed[0] (Node, id=2)  on InvalidTx (GossipMsg, id=12039)
** Event #3568  t=50.1  SupplyChainNetwork.seed[1] (Node, id=3)  on InvalidTx (GossipMsg, id=12042)
** Event #3569  t=50.1  SupplyChainNetwork.seed[2] (Node, id=4)  on InvalidTx (GossipMsg, id=12045)
** Event #3570  t=50.1  SupplyChainNetwork.peer[0] (Node, id=7)  on InvalidTx (GossipMsg, id=12048)
INFO: INVALID TRANSACTION [ID: 3d1fe103...] REJECTED: Signature verification failed or invalid asset.
** Event #3571  t=50.1  SupplyChainNetwork.peer[1] (Node, id=8)  on InvalidTx (GossipMsg, id=12051)
INFO: INVALID TRANSACTION [ID: 3d1fe103...] REJECTED: Signature verification failed or invalid asset.
** Event #3572  t=50.1  SupplyChainNetwork.peer[3] (Node, id=10)  on InvalidTx (GossipMsg, id=12054)
INFO: INVALID TRANSACTION [ID: 3d1fe103...] REJECTED: Signature verification failed or invalid asset.
** Event #3573  t=50.1  SupplyChainNetwork.peer[4] (Node, id=11)  on InvalidTx (GossipMsg, id=12057)
INFO: INVALID TRANSACTION [ID: 3d1fe103...] REJECTED: Signature verification failed or invalid asset.
** Event #3574  t=50.1  SupplyChainNetwork.seed[0] (Node, id=2)  on InvalidTx (GossipMsg, id=12060)
** Event #3575  t=50.1  SupplyChainNetwork.seed[1] (Node, id=3)  on InvalidTx (GossipMsg, id=12063)
** Event #3576  t=50.1  SupplyChainNetwork.seed[2] (Node, id=4)  on InvalidTx (GossipMsg, id=12066)
** Event #3577  t=50.1  SupplyChainNetwork.peer[5] (Node, id=12)  on InvalidTx (GossipMsg, id=12069)
INFO: INVALID TRANSACTION [ID: 3d1fe103...] REJECTED: Signature verification failed or invalid asset.
** Event #3578  t=50.1  SupplyChainNetwork.peer[6] (Node, id=13)  on InvalidTx (GossipMsg, id=12072)
INFO: INVALID TRANSACTION [ID: 3d1fe103...] REJECTED: Signature verification failed or invalid asset.
** Event #3579  t=50.1  SupplyChainNetwork.peer[8] (Node, id=15)  on InvalidTx (GossipMsg, id=12075)
INFO: INVALID TRANSACTION [ID: 3d1fe103...] REJECTED: Signature verification failed or invalid asset.
** Event #3580  t=50.1  SupplyChainNetwork.peer[0] (Node, id=7)  on InvalidTx (GossipMsg, id=12078)
** Event #3581  t=50.1  SupplyChainNetwork.peer[9] (Node, id=16)  on InvalidTx (GossipMsg, id=12081)
INFO: INVALID TRANSACTION [ID: 3d1fe103...] REJECTED: Signature verification failed or invalid asset.
** Event #3582  t=50.1  SupplyChainNetwork.peer[6] (Node, id=13)  on InvalidTx (GossipMsg, id=12084)
** Event #3583  t=50.111794344475  SupplyChainNetwork.peer[0] (Node, id=7)  on NewTx (GossipMsg, id=12089)
** Event #3584  t=50.111794344475  SupplyChainNetwork.peer[1] (Node, id=8)  on NewTx (GossipMsg, id=12092)
INFO: Valid transaction [ID: c501e218...] received and added to mempool: Transfer: Energy Credits from peer-6
** Event #3585  t=50.111794344475  SupplyChainNetwork.peer[2] (Node, id=9)  on NewTx (GossipMsg, id=12095)



DEAD NODE LOGS :

** Event #8691  t=100  SupplyChainNetwork.peer[5] (Node, id=12)  on selfmsg KillTimer (omnetpp::cMessage, id=124)
INFO: NODE FAILURE SIMULATED: I am now dead.

** Event #11416  t=135.859891473596  SupplyChainNetwork.peer[0] (Node, id=7)  on NewTx (GossipMsg, id=37635)
** Event #11417  t=136  SupplyChainNetwork.peer[0] (Node, id=7)  on selfmsg LivenessTimer (omnetpp::cMessage, id=61)
INFO: REPORTED DEAD NODE: Dead Node:peer-5:10:136.000000:peer-0
INFO: REPORTED DEAD NODE: Dead Node:peer-5:14:136.000000:peer-0
** Event #11418  t=136  SupplyChainNetwork.peer[1] (Node, id=8)  on selfmsg LivenessTimer (omnetpp::cMessage, id=73)
INFO: REPORTED DEAD NODE: Dead Node:peer-5:10:136.000000:peer-1
INFO: REPORTED DEAD NODE: Dead Node:peer-5:15:136.000000:peer-1
** Event #11419  t=136  SupplyChainNetwork.peer[2] (Node, id=9)  on selfmsg LivenessTimer (omnetpp::cMessage, id=85)
INFO: REPORTED DEAD NODE: Dead Node:peer-5:10:136.000000:peer-2
** Event #11420  t=136  SupplyChainNetwork.peer[3] (Node, id=10)  on selfmsg LivenessTimer (omnetpp::cMessage, id=97)
INFO: REPORTED DEAD NODE: Dead Node:peer-5:10:136.000000:peer-3
** Event #11421  t=136  SupplyChainNetwork.peer[4] (Node, id=11)  on selfmsg LivenessTimer (omnetpp::cMessage, id=109)
** Event #11422  t=136.1  SupplyChainNetwork.seed[0] (Node, id=2)  on Liveness (GossipMsg, id=37640)
** Event #11423  t=136.1  SupplyChainNetwork.seed[1] (Node, id=3)  on Liveness (GossipMsg, id=37643)
** Event #11424  t=136.1  SupplyChainNetwork.seed[2] (Node, id=4)  on Liveness (GossipMsg, id=37646)
** Event #11425  t=136.1  SupplyChainNetwork.peer[1] (Node, id=8)  on Liveness (GossipMsg, id=37649)
** Event #11426  t=136.1  SupplyChainNetwork.peer[2] (Node, id=9)  on Liveness (GossipMsg, id=37652)
** Event #11427  t=136.1  SupplyChainNetwork.peer[3] (Node, id=10)  on Liveness (GossipMsg, id=37655)
** Event #11428  t=136.1  SupplyChainNetwork.peer[4] (Node, id=11)  on Liveness (GossipMsg, id=37658)
** Event #11429  t=136.1  SupplyChainNetwork.seed[0] (Node, id=2)  on Liveness (GossipMsg, id=37661)
** Event #11430  t=136.1  SupplyChainNetwork.seed[1] (Node, id=3)  on Liveness (GossipMsg, id=37664)
** Event #11431  t=136.1  SupplyChainNetwork.seed[2] (Node, id=4)  on Liveness (GossipMsg, id=37667)
** Event #11432  t=136.1  SupplyChainNetwork.peer[5] (Node, id=12)  on Liveness (GossipMsg, id=37670)
** Event #11433  t=136.1  SupplyChainNetwork.peer[6] (Node, id=13)  on Liveness (GossipMsg, id=37673)
** Event #11434  t=136.1  SupplyChainNetwork.peer[8] (Node, id=15)  on Liveness (GossipMsg, id=37676)
** Event #11435  t=136.1  SupplyChainNetwork.peer[1] (Node, id=8)  on Liveness (GossipMsg, id=37679)
** Event #11436  t=136.1  SupplyChainNetwork.peer[5] (Node, id=12)  on Liveness (GossipMsg, id=37682)
** Event #11437  t=136.1  SupplyChainNetwork.peer[9] (Node, id=16)  on Liveness (GossipMsg, id=37685)
** Event #11438  t=136.1  SupplyChainNetwork.peer[2] (Node, id=9)  on Liveness (GossipMsg, id=37688)
** Event #11439  t=136.1  SupplyChainNetwork.seed[0] (Node, id=2)  on DeadNodeAlert (GossipMsg, id=37693)
INFO: FINAL DECLARATION: Node peer-5 is confirmed DEAD. Peer List updated.
** Event #11440  t=136.1  SupplyChainNetwork.seed[1] (Node, id=3)  on DeadNodeAlert (GossipMsg, id=37696)
INFO: FINAL DECLARATION: Node peer-5 is confirmed DEAD. Peer List updated.
** Event #11441  t=136.1  SupplyChainNetwork.seed[2] (Node, id=4)  on DeadNodeAlert (GossipMsg, id=37699)
INFO: FINAL DECLARATION: Node peer-5 is confirmed DEAD. Peer List updated.
** Event #11442  t=136.1  SupplyChainNetwork.seed[0] (Node, id=2)  on DeadNodeAlert (GossipMsg, id=37702)



DOUBLE SPEND DETECTION:

** Event #13935  t=150  SupplyChainNetwork.peer[3] (Node, id=10)  on selfmsg DoubleSpendTimer (omnetpp::cMessage, id=102)
INFO: MALICIOUS ACTION: Generated Double Spend Txs: [ID: d6c90ce4] and [ID: cbfc72d5]
** Event #13936  t=150.1  SupplyChainNetwork.seed[0] (Node, id=2)  on DoubleSpend1 (GossipMsg, id=46189)
** Event #13937  t=150.1  SupplyChainNetwork.seed[1] (Node, id=3)  on DoubleSpend1 (GossipMsg, id=46192)
** Event #13938  t=150.1  SupplyChainNetwork.seed[2] (Node, id=4)  on DoubleSpend1 (GossipMsg, id=46195)
** Event #13939  t=150.1  SupplyChainNetwork.peer[1] (Node, id=8)  on DoubleSpend1 (GossipMsg, id=46198)
INFO: Valid transaction [ID: d6c90ce4...] received and added to mempool: SPEND:Initial_Supply
** Event #13940  t=150.1  SupplyChainNetwork.peer[2] (Node, id=9)  on DoubleSpend1 (GossipMsg, id=46201)
INFO: Valid transaction [ID: d6c90ce4...] received and added to mempool: SPEND:Initial_Supply
** Event #13941  t=150.1  SupplyChainNetwork.peer[0] (Node, id=7)  on DoubleSpend1 (GossipMsg, id=46204)
INFO: Valid transaction [ID: d6c90ce4...] received and added to mempool: SPEND:Initial_Supply
** Event #13942  t=150.1  SupplyChainNetwork.peer[4] (Node, id=11)  on DoubleSpend1 (GossipMsg, id=46207)
INFO: Valid transaction [ID: d6c90ce4...] received and added to mempool: SPEND:Initial_Supply
** Event #13943  t=150.1  SupplyChainNetwork.seed[0] (Node, id=2)  on DoubleSpend1 (GossipMsg, id=46210)
** Event #13944  t=150.1  SupplyChainNetwork.seed[1] (Node, id=3)  on DoubleSpend1 (GossipMsg, id=46213)
** Event #13945  t=150.1  SupplyChainNetwork.seed[2] (Node, id=4)  on DoubleSpend1 (GossipMsg, id=46216)
** Event #13946  t=150.1  SupplyChainNetwork.peer[9] (Node, id=16)  on DoubleSpend1 (GossipMsg, id=46219)
INFO: Valid transaction [ID: d6c90ce4...] received and added to mempool: SPEND:Initial_Supply
** Event #13947  t=150.1  SupplyChainNetwork.peer[1] (Node, id=8)  on DoubleSpend1 (GossipMsg, id=46222)
** Event #13948  t=150.1  SupplyChainNetwork.peer[4] (Node, id=11)  on DoubleSpend1 (GossipMsg, id=46225)
** Event #13949  t=150.1  SupplyChainNetwork.seed[0] (Node, id=2)  on DoubleSpend2 (GossipMsg, id=46228)
** Event #13950  t=150.1  SupplyChainNetwork.seed[1] (Node, id=3)  on DoubleSpend2 (GossipMsg, id=46231)
** Event #13951  t=150.1  SupplyChainNetwork.seed[2] (Node, id=4)  on DoubleSpend2 (GossipMsg, id=46234)
** Event #13952  t=150.1  SupplyChainNetwork.peer[1] (Node, id=8)  on DoubleSpend2 (GossipMsg, id=46237)
INFO: DOUBLE SPEND REJECTED [ID: cbfc72d5...]: Asset already has a pending spend in mempool.
** Event #13953  t=150.1  SupplyChainNetwork.peer[2] (Node, id=9)  on DoubleSpend2 (GossipMsg, id=46240)
INFO: DOUBLE SPEND REJECTED [ID: cbfc72d5...]: Asset already has a pending spend in mempool.
** Event #13954  t=150.1  SupplyChainNetwork.peer[0] (Node, id=7)  on DoubleSpend2 (GossipMsg, id=46243)
INFO: DOUBLE SPEND REJECTED [ID: cbfc72d5...]: Asset already has a pending spend in mempool.
** Event #13955  t=150.1  SupplyChainNetwork.peer[4] (Node, id=11)  on DoubleSpend2 (GossipMsg, id=46246)
INFO: DOUBLE SPEND REJECTED [ID: cbfc72d5...]: Asset already has a pending spend in mempool.
** Event #13956  t=150.1  SupplyChainNetwork.seed[0] (Node, id=2)  on DoubleSpend2 (GossipMsg, id=46249)
** Event #13957  t=150.1  SupplyChainNetwork.seed[1] (Node, id=3)  on DoubleSpend2 (GossipMsg, id=46252)
** Event #13958  t=150.1  SupplyChainNetwork.seed[2] (Node, id=4)  on DoubleSpend2 (GossipMsg, id=46255)
** Event #13959  t=150.1  SupplyChainNetwork.peer[9] (Node, id=16)  on DoubleSpend2 (GossipMsg, id=46258)
INFO: DOUBLE SPEND REJECTED [ID: cbfc72d5...]: Asset already has a pending spend in mempool.
** Event #13960  t=150.1  SupplyChainNetwork.peer[1] (Node, id=8)  on DoubleSpend2 (GossipMsg, id=46261)
** Event #13961  t=150.1  SupplyChainNetwork.peer[4] (Node, id=11)  on DoubleSpend2 (GossipMsg, id=46264)
** Event #13962  t=150.2  SupplyChainNetwork.peer[0] (Node, id=7)  on DoubleSpend1 (GossipMsg, id=46269)
** Event #13963  t=150.2  SupplyChainNetwork.peer[1] (Node, id=8)  on DoubleSpend1 (GossipMsg, id=46272)
** Event #13964  t=150.2  SupplyChainNetwork.peer[2] (Node, id=9)  on DoubleSpend1 (GossipMsg, id=46275)



INVALID BLOCK LOGS :

** Event #17680  t=200  SupplyChainNetwork.peer[4] (Node, id=11)  on selfmsg InvalidBlockTimer (omnetpp::cMessage, id=115)
INFO: MALICIOUS ACTION: Node will mine an INVALID block NOW for demo.
** Event #17681  t=200  SupplyChainNetwork.peer[4] (Node, id=11)  on selfmsg MiningTimer (omnetpp::cMessage, id=108)
INFO: MALICIOUS ACTION: Mining an INVALID block (Fake Previous Hash)...
INFO: BLOCK MINED (MALICIOUS): Index=2 | Hash=af2f2540... | Txs=[6235524d, d1acdd47, 54dcb9b5, c8d6c571, ae3ef68f, 82a3bcae, 04f31150, 098d52f5, e735ac76, 969c3130, a8200b55, a8200b55, 95daa4a5, 51259ba7, f0a55279, 2bdbdac4, 91d60800, c501e218, a92e4a0b, 6c8d5a74, ffc2534d, 12733e32, 899852f8, 35d7e134, f991ef9f, 3e29b45a, e48a4e82, 8e78da44, 8e78da44, 5eb4e62b, af0916fd, e3022864, dd25362a, 8d5af5cf, d80775e2, d80775e2, 5e3d0f0b, 12adff34, 1030f1bc, bf27f455, 4c39a9dc, 9dd3f6fe, 9abec60c, 64bf133c, 3b92c8e9, df1d97e3, 61507a04, 88901819, 88901819, 02f9d3b0, c3e8b7b0, fe3dffd5, ff5dd9fe, cdbf0498, 373eb16d, 0edeb5bc, 3561063e, 84f63f50, 534c4ca8, 534c4ca8, df4f243c, 2b112e1a, 772317d4, 4736c649, 4aba83fa, d6c90ce4, c378e5cb, b24bd31a, d4f49379, bff6f2b4, bff6f2b4, 5420e19d, 2a735a39, cc753573, 6387170d, 359d7e2e, 6288ed18, b9df8709, 355612d5, 3de07c00, 9c66cb66, 9c66cb66, 2f63b39c, 416f5e2b, 73831deb, 6e5ffd86, 8d2fb69b] | Miner=peer-4
** Event #17682  t=200.1  SupplyChainNetwork.seed[0] (Node, id=2)  on BlockData (BlockMsg, id=58804)
INFO: MALICIOUS BLOCK REJECTED: Index=2 | Hash=af2f2540... | Txs=87 | Reason: Validation failed.
** Event #17683  t=200.1  SupplyChainNetwork.seed[1] (Node, id=3)  on BlockData (BlockMsg, id=58979)
INFO: MALICIOUS BLOCK REJECTED: Index=2 | Hash=af2f2540... | Txs=87 | Reason: Validation failed.
** Event #17684  t=200.1  SupplyChainNetwork.seed[2] (Node, id=4)  on BlockData (BlockMsg, id=59154)
INFO: MALICIOUS BLOCK REJECTED: Index=2 | Hash=af2f2540... | Txs=87 | Reason: Validation failed.
** Event #17685  t=200.1  SupplyChainNetwork.peer[1] (Node, id=8)  on BlockData (BlockMsg, id=59329)
INFO: MALICIOUS BLOCK REJECTED: Index=2 | Hash=af2f2540... | Txs=87 | Reason: Validation failed.
** Event #17686  t=200.1  SupplyChainNetwork.peer[0] (Node, id=7)  on BlockData (BlockMsg, id=59504)
INFO: MALICIOUS BLOCK REJECTED: Index=2 | Hash=af2f2540... | Txs=87 | Reason: Validation failed.
** Event #17687  t=200.1  SupplyChainNetwork.peer[2] (Node, id=9)  on BlockData (BlockMsg, id=59679)
INFO: MALICIOUS BLOCK REJECTED: Index=2 | Hash=af2f2540... | Txs=87 | Reason: Validation failed.
** Event #17688  t=200.1  SupplyChainNetwork.peer[3] (Node, id=10)  on BlockData (BlockMsg, id=59854)
INFO: MALICIOUS BLOCK REJECTED: Index=2 | Hash=af2f2540... | Txs=87 | Reason: Validation failed.
** Event #17689  t=200.1  SupplyChainNetwork.peer[6] (Node, id=13)  on BlockData (BlockMsg, id=60029)
INFO: MALICIOUS BLOCK REJECTED: Index=2 | Hash=af2f2540... | Txs=87 | Reason: Validation failed.
** Event #17690  t=200.1  SupplyChainNetwork.peer[7] (Node, id=14)  on BlockData (BlockMsg, id=60204)
INFO: MALICIOUS BLOCK REJECTED: Index=2 | Hash=af2f2540... | Txs=87 | Reason: Validation failed.
** Event #17691  t=200.1  SupplyChainNetwork.peer[1] (Node, id=8)  on BlockData (BlockMsg, id=60379)
INFO: MALICIOUS BLOCK REJECTED: Index=2 | Hash=af2f2540... | Txs=87 | Reason: Validation failed.
** Event #17692  t=200.1  SupplyChainNetwork.peer[3] (Node, id=10)  on BlockData (BlockMsg, id=60554)
INFO: MALICIOUS BLOCK REJECTED: Index=2 | Hash=af2f2540... | Txs=87 | Reason: Validation failed.
